[backblue.gif]
[fade.gif]
[index.html]
[www.web-leb.com/assets/img/gb.gif]
[www.web-leb.com/assets/img/fr.gif]
[www.web-leb.com/assets/img/es.gif]
[www.web-leb.com/en/fullscreen/4897.html]
[cdn.jsdelivr.net/npm/bootstrap-icons@1.10.5/font/fonts/bootstrap-iconse52a.woff2]
[cdn.jsdelivr.net/npm/bootstrap-icons@1.10.5/font/fonts/bootstrap-iconse52a.woff]
[cdn.jsdelivr.net/npm/bootstrap-icons@1.10.5/font/bootstrap-icons.css]
[cdnjs.cloudflare.com/ajax/libs/font-awesome/6.4.2/css/all.min.css]
[www.web-leb.com/css/styles.css]
[code.jquery.com/jquery-3.6.0.min.js]
[pagead2.googlesyndication.com/pagead/js/f7bcf.txt]
[unicons.iconscout.com/release/v3.0.6/css/line.css]
[www.web-leb.com/css/dashboard.css]
[www.web-leb.com/css/codemirror.css]
[www.web-leb.com/css/dracula.css]
[www.web-leb.com/js/codemirror.js]
[www.web-leb.com/js/html.js]
[www.web-leb.com/js/javascript.js]
[www.web-leb.com/js/css.js]
[cdn.jsdelivr.net/npm/bootstrap@5.1.3/dist/js/bootstrap.bundle.min.js]
[www.web-leb.com/js/scripts.js]
[www.web-leb.com/images/circle-dec.html]
